// Jest Snapshot v1, https://goo.gl/fbAQLP

exports[`deserialize empty blocks 1`] = `
Object {
  "document": Object {
    "data": Object {},
    "nodes": Array [
      Object {
        "data": Object {},
        "nodes": Array [],
        "object": "block",
        "type": "image",
      },
    ],
    "object": "document",
  },
  "object": "value",
}
`;
