// Jest Snapshot v1, https://goo.gl/fbAQLP

exports[`deserialize nested blocks 1`] = `
Object {
  "document": Object {
    "data": Object {},
    "nodes": Array [
      Object {
        "data": Object {},
        "nodes": Array [
          Object {
            "data": Object {},
            "nodes": Array [
              Object {
                "leaves": Array [
                  Object {
                    "marks": Array [],
                    "object": "leaf",
                    "text": "Hello world!",
                  },
                ],
                "object": "text",
              },
            ],
            "object": "block",
            "type": "quote",
          },
        ],
        "object": "block",
        "type": "paragraph",
      },
    ],
    "object": "document",
  },
  "object": "value",
}
`;
